// Jest Snapshot v1, https://goo.gl/fbAQLP

exports[`safe keeps initial opts and removes passwords from returned obj 1`] = `
Object {
  "changesLimit": undefined,
  "couchdbUrl": "rhc-ghana.app.medicmobile.org/medic",
  "debug": true,
  "docLimit": 100,
  "postgresqlUrl": "localhost:5432/rhc_ghana_upgrade",
  "retryCount": 5,
  "sleepMins": 120,
  "v4Mode": false,
}
`;

exports[`safe returns valid couch/pg urls for urls without passwords 1`] = `
Object {
  "couchdbUrl": "https://rhc-ghana.app.medicmobile.org/medic",
  "postgresqlUrl": "postgres://localhost:5432/rhc_ghana_upgrade",
}
`;
